// Jest Snapshot v1, https://goo.gl/fbAQLP

exports[`Schema Export inputs student have two imputs 1`] = `
"input TodoItemimagesImageTodoItem {
url: String!
}
input ImageTodoItemtodoTodoItem {
completed: Boolean!, title: String!, userId: ID
}
input ClassstudentsStudent {
userId: ID, fullname: String!, age: Int
}
input StudentclassesClass {
name: String!
}
input UsertodoItemsTodoItem {
completed: Boolean!, title: String!, imagesIds: [ID!], images: [TodoItemimagesImageTodoItem!]
}
input UserrolesUserRole {
name: String!
}

"
`;

exports[`Schema Export mutations todo item have payloads for Add and Remove 1`] = `
"# on model TodoItem - user
type AddToTodoItemOnUserPayload {
  todoItemsTodoItem: TodoItem
  userUser: User
}

type RemoveFromTodoItemOnUserPayload {
  todoItemsTodoItem: TodoItem
  userUser: User
}
# on model TodoItem - images
type AddToImageTodoItemOnTodoItemPayload {
  todoTodoItem: TodoItem
  imagesImageTodoItem: ImageTodoItem
}

type RemoveFromImageTodoItemOnTodoItemPayload {
  todoTodoItem: TodoItem
  imagesImageTodoItem: ImageTodoItem
}
"
`;
